[hardening 19:12:53] == 只读 host hardening 审计开始 ==
[hardening 19:12:53] FAIL  kernel.randomize_va_space != 2
[hardening 19:12:53] WARN  fs.protected_hardlinks != 1
[hardening 19:12:53] WARN  fs.protected_symlinks != 1
[hardening 19:12:53] PASS  kptr_restrict
[hardening 19:12:53] PASS  SUID 二进制 12 个
[hardening 19:12:53] WARN  sshd PermitRootLogin 未禁（实验室允许，生产必须 no）
[hardening 19:12:53] WARN  sshd 允许密码登录（生产建议公私钥+2FA）
[hardening 19:12:53] PASS  entropy_avail=256
[hardening 19:12:53] WARN  exit
kubectl get -A
kubectl get pod -A
docker ps -a
docker pull docker.n8n.io/n8nio/n8n
docker search n8n
docker pull docker.n8n.io/n8nio/n8n
docker ps -a
ls
cd 文档/
ls
mkdir code
ls
cd code/
ls
git pull https://github.com/getzep/graphiti.git
git clone https://github.com/getzep/graphiti.git
ls
cd gt
cd graphiti/
ls
docker compose --profile falkordb up
docker pull falkordb/falkordb:latest
vim /etc/docker/daemon.json
sudo systemctl restart docker
docker ps -a
docker compose --profile falkordb up
ls
cd 文档/code/
ls
cd graphiti/
docker compose --profile falkordb up
ping docker.mirrors.ustc.edu.cn
ping www.baidu.com
ping mirror.baidubce.com
ping ccr.ccs.tencentyun.com
vim /etc/docker/daemon.json
sudo systemctl restart docker
ping ccr.ccs.tencentyun.com
docker compose --profile falkordb up
vim /etc/docker/daemon.json
sudo systemctl restart docker
docker ps -a
docker pull mysql
docker pull falkordb/falkordb:latest
docker pull python:3.12-slim
docker pull 
hub-mirror-dev.sre.wps.cn/sre/falkordb:latest
docker pull hub-mirror-dev.sre.wps.cn/sre/falkordb:latest
docker images
vim docker-compose.yml 
ping https://docker.mirrors.ustc.edu.cn
ping docker.mirrors.ustc.edu.cn
ping mirror.baidubce.com
ping ccr.ccs.tencentyun.com
docker ps -a
ls
vim Dockerfile 
docker compose --profile falkordb up
vim Dockerfile 
docker compose --profile falkordb up
docker ps -a
ls
cd 文档/
ls
cd code/
ls
cd graphiti/
ls
docker compose --profile falkordb down
0
0 个文件疑似含口令（人工复核；日志轮转见 runbook）
[hardening 19:12:53] WARN  rp_filter 未开（反向路径过滤）
[hardening 19:12:53] FAIL  ip_forward=（slot 后端无法工作）
[hardening 19:12:53] INFO  nf_conntrack_max=524288 file_max=9223372036854775807 root_inode_free=59478039
[hardening 19:12:53] WARN  docker.sock 归 docker 组（成员可提权；实验室已知，生产隔离构建机）
[hardening 19:12:53] PASS  /dev/kvm 归 kvm 组
[hardening 19:12:53] WARN  /home/zty/.local/firepaas-lab/bin perms=775
[hardening 19:12:53] PASS  /var/lib/firepaas-p0 perms=755
[hardening 19:12:53] == 审计结束，结果 0（0=PASS，WARN 项见 runbook）==
